// Jest Snapshot v1, https://goo.gl/fbAQLP

exports[`BaseButton should render correctly 1`] = `
<RNCSafeAreaProvider
  onInsetsChange={[Function]}
  style={
    [
      {
        "flex": 1,
      },
      undefined,
    ]
  }
/>
`;
